// Jest Snapshot v1, https://goo.gl/fbAQLP

exports[`Storyshots Circle Progress all 1`] = `
<div
  className="sc-EHOje eyUsub"
>
  <div
    className="sc-ifAKCX cFlEyZ sc-bdVaJa iHZvIS"
    is={null}
  >
    <div
      className="sc-bxivhb bUZGRr sc-htpNat eLQHN sc-bdVaJa iHZvIS"
      is={null}
    >
      <h2
        className="sc-eNQAEJ bpjgLe sc-jKJlTe bUggcY sc-ckVGcZ eyLfWl sc-dxgOiQ gQpibk"
        is={null}
      >
        This is an example of a circle progress chart
      </h2>
      <div
        className="sc-ifAKCX cFlEyZ sc-bdVaJa iHSytp"
        is={null}
      >
        <div
          className="sc-bxivhb bUZGRr sc-htpNat eLQHN sc-bdVaJa dzVkDb"
          is={null}
          percentage={25}
        >
          <div
            className="VictoryContainer"
            style={
              Object {
                "height": "100%",
                "pointerEvents": "none",
                "position": "relative",
                "touchAction": "none",
                "width": "100%",
              }
            }
          >
            <svg
              aria-labelledby="victory-container-1-title victory-container-1-desc"
              height={400}
              role="img"
              style={
                Object {
                  "height": "100%",
                  "pointerEvents": "all",
                  "width": "100%",
                }
              }
              viewBox="0 0 400 400"
              width={400}
            >
              <g>
                <path
                  className={undefined}
                  d="M2.513207976670555,-199.98420884076322A200,200,0,0,1,199.98420884076322,-2.513207976670454L129.98973574649608,-1.633585184835795A130,130,0,0,0,1.633585184835861,-129.98973574649608Z"
                  role="presentation"
                  shapeRendering="auto"
                  style={
                    Object {
                      "eventKey": 0,
                      "fill": "#8BDDDF",
                      "padding": 10,
                      "stroke": "transparent",
                      "strokeWidth": 1,
                    }
                  }
                  transform="translate(200, 200)"
                />
                <path
                  className={undefined}
                  d="M199.98420884076322,-2.513207976670454A200,200,0,0,1,199.98420884076322,2.513207976670587L129.98973574649608,1.6335851848358816A130,130,0,0,0,129.98973574649608,-1.633585184835795Z"
                  role="presentation"
                  shapeRendering="auto"
                  style={
                    Object {
                      "eventKey": 1,
                      "fill": "transparent",
                      "padding": 10,
                      "stroke": "transparent",
                      "strokeWidth": 1,
                    }
                  }
                  transform="translate(200, 200)"
                />
                <path
                  className={undefined}
                  d="M199.98420884076322,2.513207976670587A200,200,0,1,1,-2.5132079766705795,-199.98420884076322L-1.6335851848358767,-129.98973574649608A130,130,0,1,0,129.98973574649608,1.6335851848358816Z"
                  role="presentation"
                  shapeRendering="auto"
                  style={
                    Object {
                      "eventKey": 2,
                      "fill": "#123466",
                      "padding": 10,
                      "stroke": "transparent",
                      "strokeWidth": 1,
                    }
                  }
                  transform="translate(200, 200)"
                />
                <path
                  className={undefined}
                  d="M-2.5132079766705795,-199.98420884076322A200,200,0,0,1,-3.6739403974420595e-14,-200L-2.3880612583373385e-14,-130A130,130,0,0,0,-1.6335851848358767,-129.98973574649608Z"
                  role="presentation"
                  shapeRendering="auto"
                  style={
                    Object {
                      "eventKey": 3,
                      "fill": "transparent",
                      "padding": 10,
                      "stroke": "transparent",
                      "strokeWidth": 1,
                    }
                  }
                  transform="translate(200, 200)"
                />
                <text
                  className={undefined}
                  dx={0}
                  dy={4.97}
                  transform={undefined}
                  x={356}
                  y={44}
                >
                  <tspan
                    dx={0}
                    dy={undefined}
                    style={
                      Object {
                        "fill": "#252525",
                        "fontFamily": "'Gill Sans', 'Gill Sans MT', 'Ser足avek', 'Trebuchet MS', sans-serif",
                        "fontSize": 14,
                        "letterSpacing": "normal",
                        "padding": 20,
                        "stroke": "transparent",
                      }
                    }
                    textAnchor="start"
                    x={356}
                  >
                    
                  </tspan>
                </text>
                <text
                  className={undefined}
                  dx={0}
                  dy={4.97}
                  transform={undefined}
                  x={420}
                  y={200}
                >
                  <tspan
                    dx={0}
                    dy={undefined}
                    style={
                      Object {
                        "fill": "#252525",
                        "fontFamily": "'Gill Sans', 'Gill Sans MT', 'Ser足avek', 'Trebuchet MS', sans-serif",
                        "fontSize": 14,
                        "letterSpacing": "normal",
                        "padding": 20,
                        "stroke": "transparent",
                      }
                    }
                    textAnchor="start"
                    x={420}
                  >
                    
                  </tspan>
                </text>
                <text
                  className={undefined}
                  dx={0}
                  dy={4.97}
                  transform={undefined}
                  x={44}
                  y={356}
                >
                  <tspan
                    dx={0}
                    dy={undefined}
                    style={
                      Object {
                        "fill": "#252525",
                        "fontFamily": "'Gill Sans', 'Gill Sans MT', 'Ser足avek', 'Trebuchet MS', sans-serif",
                        "fontSize": 14,
                        "letterSpacing": "normal",
                        "padding": 20,
                        "stroke": "transparent",
                      }
                    }
                    textAnchor="end"
                    x={44}
                  >
                    
                  </tspan>
                </text>
                <text
                  className={undefined}
                  dx={0}
                  dy={-2.0300000000000002}
                  transform={undefined}
                  x={199}
                  y={-20}
                >
                  <tspan
                    dx={0}
                    dy={undefined}
                    style={
                      Object {
                        "fill": "#252525",
                        "fontFamily": "'Gill Sans', 'Gill Sans MT', 'Ser足avek', 'Trebuchet MS', sans-serif",
                        "fontSize": 14,
                        "letterSpacing": "normal",
                        "padding": 20,
                        "stroke": "transparent",
                      }
                    }
                    textAnchor="middle"
                    x={199}
                  >
                    
                  </tspan>
                </text>
              </g>
            </svg>
            <div
              style={
                Object {
                  "height": "100%",
                  "left": 0,
                  "position": "absolute",
                  "top": 0,
                  "width": "100%",
                  "zIndex": 99,
                }
              }
            >
              <svg
                height={400}
                style={
                  Object {
                    "height": "100%",
                    "overflow": "visible",
                    "width": "100%",
                  }
                }
                viewBox="0 0 400 400"
                width={400}
              />
            </div>
          </div>
          <div
            className="sc-bxivhb bUZGRr sc-htpNat bPnPne sc-bdVaJa fYPHIU"
            is={null}
          >
            <p
              className="sc-ckVGcZ chmjaS sc-dxgOiQ cmQtmT"
              is={null}
            >
              <strong>
                25
                %
              </strong>
            </p>
            <p
              className="sc-ckVGcZ chmjaS sc-dxgOiQ jZSAYo"
              is={null}
            >
              Completed
            </p>
          </div>
        </div>
      </div>
    </div>
  </div>
</div>
`;
