// Jest Snapshot v1, https://goo.gl/fbAQLP

exports[`Storyshots Circle Progress default 1`] = `
.c1 {
  width: 200px;
  display: -webkit-box;
  display: -webkit-flex;
  display: -ms-flexbox;
  display: flex;
}

.c2 {
  margin-left: 24px;
  display: -webkit-box;
  display: -webkit-flex;
  display: -ms-flexbox;
  display: flex;
  -webkit-box-pack: center;
  -webkit-justify-content: center;
  -ms-flex-pack: center;
  justify-content: center;
  -webkit-flex-direction: column;
  -ms-flex-direction: column;
  flex-direction: column;
}

.c0 {
  padding: 16px;
}

.c3 {
  margin: 0px;
  margin-top: -8px;
  font-family: Circular,sans-serif;
  font-size: 32px;
  line-height: 1.25;
  font-weight: 700;
}

.c4 {
  margin: 0px;
  font-family: Circular,sans-serif;
  font-size: 16px;
  line-height: 1.5;
  font-weight: 400;
}

<div
  className="c0 "
>
  <div
    className="c1 "
  >
    <div
      className="VictoryContainer"
      style={
        Object {
          "height": "100%",
          "pointerEvents": "none",
          "position": "relative",
          "touchAction": "none",
          "width": "100%",
        }
      }
    >
      <svg
        aria-labelledby="victory-container-1-title victory-container-1-desc"
        height={400}
        role="img"
        style={
          Object {
            "height": "100%",
            "pointerEvents": "all",
            "width": "100%",
          }
        }
        viewBox="0 0 400 400"
        width={400}
      >
        <g>
          <path
            className={undefined}
            d="M1.7453070996747793,-199.99238461283426L1.1344496147886065,-129.99504999834227Z"
            role="presentation"
            shapeRendering="auto"
            style={
              Object {
                "eventKey": 0,
                "fill": "#8BDDDF",
                "padding": 10,
                "stroke": "transparent",
                "strokeWidth": 1,
              }
            }
            transform="translate(200, 200)"
          />
          <path
            className={undefined}
            d="M5.571578608287686,-199.92237871687018A200,200,0,1,1,-2.0816034206038676,-199.98916702461494L-2.081603420603766,-129.98333326699748A130,130,0,1,0,4.349808344568837,-129.92720718681488Z"
            role="presentation"
            shapeRendering="auto"
            style={
              Object {
                "eventKey": 1,
                "fill": "#123466",
                "padding": 10,
                "stroke": "transparent",
                "strokeWidth": 1,
              }
            }
            transform="translate(200, 200)"
          />
          <text
            className={undefined}
            dx={0}
            dy={-2.0300000000000002}
            transform={undefined}
            x={202}
            y={-20}
          >
            <tspan
              dx={0}
              dy={undefined}
              style={
                Object {
                  "fill": "#252525",
                  "fontFamily": "'Gill Sans', 'Gill Sans MT', 'Ser足avek', 'Trebuchet MS', sans-serif",
                  "fontSize": 14,
                  "letterSpacing": "normal",
                  "padding": 20,
                  "stroke": "transparent",
                }
              }
              textAnchor="middle"
              x={202}
            >
              
            </tspan>
          </text>
          <text
            className={undefined}
            dx={0}
            dy={11.969999999999999}
            transform={undefined}
            x={198}
            y={420}
          >
            <tspan
              dx={0}
              dy={undefined}
              style={
                Object {
                  "fill": "#252525",
                  "fontFamily": "'Gill Sans', 'Gill Sans MT', 'Ser足avek', 'Trebuchet MS', sans-serif",
                  "fontSize": 14,
                  "letterSpacing": "normal",
                  "padding": 20,
                  "stroke": "transparent",
                }
              }
              textAnchor="middle"
              x={198}
            >
              
            </tspan>
          </text>
        </g>
      </svg>
      <div
        style={
          Object {
            "height": "100%",
            "left": 0,
            "position": "absolute",
            "top": 0,
            "width": "100%",
            "zIndex": 99,
          }
        }
      >
        <svg
          height={400}
          style={
            Object {
              "height": "100%",
              "overflow": "visible",
              "width": "100%",
            }
          }
          viewBox="0 0 400 400"
          width={400}
        />
      </div>
    </div>
    <div
      className="c2 "
    >
      <p
        className="c3"
      >
        <strong>
          0
          %
        </strong>
      </p>
      <p
        className="c4"
      >
        Completed
      </p>
    </div>
  </div>
  <div
    className="c1 "
  >
    <div
      className="VictoryContainer"
      style={
        Object {
          "height": "100%",
          "pointerEvents": "none",
          "position": "relative",
          "touchAction": "none",
          "width": "100%",
        }
      }
    >
      <svg
        aria-labelledby="victory-container-2-title victory-container-2-desc"
        height={400}
        role="img"
        style={
          Object {
            "height": "100%",
            "pointerEvents": "all",
            "width": "100%",
          }
        }
        viewBox="0 0 400 400"
        width={400}
      >
        <g>
          <path
            className={undefined}
            d="M2.0816034206037544,-199.98916702461494A200,200,0,0,1,13.894374102488785,-199.51678217207714L8.304339812423581,-129.73449017235083A130,130,0,0,0,2.08160342060375,-129.98333326699748Z"
            role="presentation"
            shapeRendering="auto"
            style={
              Object {
                "eventKey": 0,
                "fill": "#8BDDDF",
                "padding": 10,
                "stroke": "transparent",
                "strokeWidth": 1,
              }
            }
            transform="translate(200, 200)"
          />
          <path
            className={undefined}
            d="M18.0442870433769,-199.18434603426098A200,200,0,1,1,-2.08160342060369,-199.98916702461494L-2.0816034206036504,-129.98333326699748A130,130,0,1,0,12.4542527533117,-129.40205403453467Z"
            role="presentation"
            shapeRendering="auto"
            style={
              Object {
                "eventKey": 1,
                "fill": "#123466",
                "padding": 10,
                "stroke": "transparent",
                "strokeWidth": 1,
              }
            }
            transform="translate(200, 200)"
          />
          <text
            className={undefined}
            dx={0}
            dy={-2.0300000000000002}
            transform={undefined}
            x={209}
            y={-20}
          >
            <tspan
              dx={0}
              dy={undefined}
              style={
                Object {
                  "fill": "#252525",
                  "fontFamily": "'Gill Sans', 'Gill Sans MT', 'Ser足avek', 'Trebuchet MS', sans-serif",
                  "fontSize": 14,
                  "letterSpacing": "normal",
                  "padding": 20,
                  "stroke": "transparent",
                }
              }
              textAnchor="middle"
              x={209}
            >
              
            </tspan>
          </text>
          <text
            className={undefined}
            dx={0}
            dy={11.969999999999999}
            transform={undefined}
            x={191}
            y={420}
          >
            <tspan
              dx={0}
              dy={undefined}
              style={
                Object {
                  "fill": "#252525",
                  "fontFamily": "'Gill Sans', 'Gill Sans MT', 'Ser足avek', 'Trebuchet MS', sans-serif",
                  "fontSize": 14,
                  "letterSpacing": "normal",
                  "padding": 20,
                  "stroke": "transparent",
                }
              }
              textAnchor="middle"
              x={191}
            >
              
            </tspan>
          </text>
        </g>
      </svg>
      <div
        style={
          Object {
            "height": "100%",
            "left": 0,
            "position": "absolute",
            "top": 0,
            "width": "100%",
            "zIndex": 99,
          }
        }
      >
        <svg
          height={400}
          style={
            Object {
              "height": "100%",
              "overflow": "visible",
              "width": "100%",
            }
          }
          viewBox="0 0 400 400"
          width={400}
        />
      </div>
    </div>
    <div
      className="c2 "
    >
      <p
        className="c3"
      >
        <strong>
          1
          %
        </strong>
      </p>
      <p
        className="c4"
      >
        Completed
      </p>
    </div>
  </div>
  <div
    className="c1 "
  >
    <div
      className="VictoryContainer"
      style={
        Object {
          "height": "100%",
          "pointerEvents": "none",
          "position": "relative",
          "touchAction": "none",
          "width": "100%",
        }
      }
    >
      <svg
        aria-labelledby="victory-container-3-title victory-container-3-desc"
        height={400}
        role="img"
        style={
          Object {
            "height": "100%",
            "pointerEvents": "all",
            "width": "100%",
          }
        }
        viewBox="0 0 400 400"
        width={400}
      >
        <g>
          <path
            className={undefined}
            d="M2.0816034206037544,-199.98916702461494A200,200,0,0,1,199.99971723607914,-0.33631159419332524L129.9965490861013,-0.9472199875724471A130,130,0,0,0,2.08160342060375,-129.98333326699748Z"
            role="presentation"
            shapeRendering="auto"
            style={
              Object {
                "eventKey": 0,
                "fill": "#8BDDDF",
                "padding": 10,
                "stroke": "transparent",
                "strokeWidth": 1,
              }
            }
            transform="translate(200, 200)"
          />
          <path
            className={undefined}
            d="M199.96338686379227,3.8267367248544466A200,200,0,1,1,-2.08160342060369,-199.98916702461494L-2.0816034206036504,-129.98333326699748A130,130,0,1,0,129.9602187138144,3.215828331475325Z"
            role="presentation"
            shapeRendering="auto"
            style={
              Object {
                "eventKey": 1,
                "fill": "#123466",
                "padding": 10,
                "stroke": "transparent",
                "strokeWidth": 1,
              }
            }
            transform="translate(200, 200)"
          />
          <text
            className={undefined}
            dx={0}
            dy={4.97}
            transform={undefined}
            x={356}
            y={45}
          >
            <tspan
              dx={0}
              dy={undefined}
              style={
                Object {
                  "fill": "#252525",
                  "fontFamily": "'Gill Sans', 'Gill Sans MT', 'Ser足avek', 'Trebuchet MS', sans-serif",
                  "fontSize": 14,
                  "letterSpacing": "normal",
                  "padding": 20,
                  "stroke": "transparent",
                }
              }
              textAnchor="start"
              x={356}
            >
              
            </tspan>
          </text>
          <text
            className={undefined}
            dx={0}
            dy={4.97}
            transform={undefined}
            x={44}
            y={355}
          >
            <tspan
              dx={0}
              dy={undefined}
              style={
                Object {
                  "fill": "#252525",
                  "fontFamily": "'Gill Sans', 'Gill Sans MT', 'Ser足avek', 'Trebuchet MS', sans-serif",
                  "fontSize": 14,
                  "letterSpacing": "normal",
                  "padding": 20,
                  "stroke": "transparent",
                }
              }
              textAnchor="end"
              x={44}
            >
              
            </tspan>
          </text>
        </g>
      </svg>
      <div
        style={
          Object {
            "height": "100%",
            "left": 0,
            "position": "absolute",
            "top": 0,
            "width": "100%",
            "zIndex": 99,
          }
        }
      >
        <svg
          height={400}
          style={
            Object {
              "height": "100%",
              "overflow": "visible",
              "width": "100%",
            }
          }
          viewBox="0 0 400 400"
          width={400}
        />
      </div>
    </div>
    <div
      className="c2 "
    >
      <p
        className="c3"
      >
        <strong>
          25
          %
        </strong>
      </p>
      <p
        className="c4"
      >
        Completed
      </p>
    </div>
  </div>
  <div
    className="c1 "
  >
    <div
      className="VictoryContainer"
      style={
        Object {
          "height": "100%",
          "pointerEvents": "none",
          "position": "relative",
          "touchAction": "none",
          "width": "100%",
        }
      }
    >
      <svg
        aria-labelledby="victory-container-4-title victory-container-4-desc"
        height={400}
        role="img"
        style={
          Object {
            "height": "100%",
            "pointerEvents": "all",
            "width": "100%",
          }
        }
        viewBox="0 0 400 400"
        width={400}
      >
        <g>
          <path
            className={undefined}
            d="M2.0816034206037544,-199.98916702461494A200,200,0,1,1,-18.044287043376926,-199.18434603426098L-12.454252753311657,-129.40205403453467A130,130,0,1,0,2.08160342060375,-129.98333326699748Z"
            role="presentation"
            shapeRendering="auto"
            style={
              Object {
                "eventKey": 0,
                "fill": "#8BDDDF",
                "padding": 10,
                "stroke": "transparent",
                "strokeWidth": 1,
              }
            }
            transform="translate(200, 200)"
          />
          <path
            className={undefined}
            d="M-13.894374102488632,-199.51678217207717A200,200,0,0,1,-2.0816034206038676,-199.98916702461494L-2.081603420603766,-129.98333326699748A130,130,0,0,0,-8.30433981242354,-129.73449017235083Z"
            role="presentation"
            shapeRendering="auto"
            style={
              Object {
                "eventKey": 1,
                "fill": "#123466",
                "padding": 10,
                "stroke": "transparent",
                "strokeWidth": 1,
              }
            }
            transform="translate(200, 200)"
          />
          <text
            className={undefined}
            dx={0}
            dy={11.969999999999999}
            transform={undefined}
            x={209}
            y={420}
          >
            <tspan
              dx={0}
              dy={undefined}
              style={
                Object {
                  "fill": "#252525",
                  "fontFamily": "'Gill Sans', 'Gill Sans MT', 'Ser足avek', 'Trebuchet MS', sans-serif",
                  "fontSize": 14,
                  "letterSpacing": "normal",
                  "padding": 20,
                  "stroke": "transparent",
                }
              }
              textAnchor="middle"
              x={209}
            >
              
            </tspan>
          </text>
          <text
            className={undefined}
            dx={0}
            dy={-2.0300000000000002}
            transform={undefined}
            x={191}
            y={-20}
          >
            <tspan
              dx={0}
              dy={undefined}
              style={
                Object {
                  "fill": "#252525",
                  "fontFamily": "'Gill Sans', 'Gill Sans MT', 'Ser足avek', 'Trebuchet MS', sans-serif",
                  "fontSize": 14,
                  "letterSpacing": "normal",
                  "padding": 20,
                  "stroke": "transparent",
                }
              }
              textAnchor="middle"
              x={191}
            >
              
            </tspan>
          </text>
        </g>
      </svg>
      <div
        style={
          Object {
            "height": "100%",
            "left": 0,
            "position": "absolute",
            "top": 0,
            "width": "100%",
            "zIndex": 99,
          }
        }
      >
        <svg
          height={400}
          style={
            Object {
              "height": "100%",
              "overflow": "visible",
              "width": "100%",
            }
          }
          viewBox="0 0 400 400"
          width={400}
        />
      </div>
    </div>
    <div
      className="c2 "
    >
      <p
        className="c3"
      >
        <strong>
          99
          %
        </strong>
      </p>
      <p
        className="c4"
      >
        Completed
      </p>
    </div>
  </div>
  <div
    className="c1 "
  >
    <div
      className="VictoryContainer"
      style={
        Object {
          "height": "100%",
          "pointerEvents": "none",
          "position": "relative",
          "touchAction": "none",
          "width": "100%",
        }
      }
    >
      <svg
        aria-labelledby="victory-container-5-title victory-container-5-desc"
        height={400}
        role="img"
        style={
          Object {
            "height": "100%",
            "pointerEvents": "all",
            "width": "100%",
          }
        }
        viewBox="0 0 400 400"
        width={400}
      >
        <g>
          <path
            className={undefined}
            d="M2.0816034206037544,-199.98916702461494A200,200,0,1,1,-5.571578608287755,-199.92237871687018L-4.3498083445688245,-129.92720718681488A130,130,0,1,0,2.08160342060375,-129.98333326699748Z"
            role="presentation"
            shapeRendering="auto"
            style={
              Object {
                "eventKey": 0,
                "fill": "#8BDDDF",
                "padding": 10,
                "stroke": "transparent",
                "strokeWidth": 1,
              }
            }
            transform="translate(200, 200)"
          />
          <path
            className={undefined}
            d="M-1.745307099674715,-199.99238461283426L-1.1344496147885648,-129.99504999834227Z"
            role="presentation"
            shapeRendering="auto"
            style={
              Object {
                "eventKey": 1,
                "fill": "#123466",
                "padding": 10,
                "stroke": "transparent",
                "strokeWidth": 1,
              }
            }
            transform="translate(200, 200)"
          />
          <text
            className={undefined}
            dx={0}
            dy={11.969999999999999}
            transform={undefined}
            x={202}
            y={420}
          >
            <tspan
              dx={0}
              dy={undefined}
              style={
                Object {
                  "fill": "#252525",
                  "fontFamily": "'Gill Sans', 'Gill Sans MT', 'Ser足avek', 'Trebuchet MS', sans-serif",
                  "fontSize": 14,
                  "letterSpacing": "normal",
                  "padding": 20,
                  "stroke": "transparent",
                }
              }
              textAnchor="middle"
              x={202}
            >
              
            </tspan>
          </text>
          <text
            className={undefined}
            dx={0}
            dy={-2.0300000000000002}
            transform={undefined}
            x={198}
            y={-20}
          >
            <tspan
              dx={0}
              dy={undefined}
              style={
                Object {
                  "fill": "#252525",
                  "fontFamily": "'Gill Sans', 'Gill Sans MT', 'Ser足avek', 'Trebuchet MS', sans-serif",
                  "fontSize": 14,
                  "letterSpacing": "normal",
                  "padding": 20,
                  "stroke": "transparent",
                }
              }
              textAnchor="middle"
              x={198}
            >
              
            </tspan>
          </text>
        </g>
      </svg>
      <div
        style={
          Object {
            "height": "100%",
            "left": 0,
            "position": "absolute",
            "top": 0,
            "width": "100%",
            "zIndex": 99,
          }
        }
      >
        <svg
          height={400}
          style={
            Object {
              "height": "100%",
              "overflow": "visible",
              "width": "100%",
            }
          }
          viewBox="0 0 400 400"
          width={400}
        />
      </div>
    </div>
    <div
      className="c2 "
    >
      <p
        className="c3"
      >
        <strong>
          100
          %
        </strong>
      </p>
      <p
        className="c4"
      >
        Completed
      </p>
    </div>
  </div>
</div>
`;
