// Jest Snapshot v1, https://goo.gl/fbAQLP

exports[`Storyshots MyComponent example story 1`] = `
.c0 {
  color: #FF5745;
}

<span
  className="c0"
>
  Hello
</span>
`;
