// Jest Snapshot v1, https://goo.gl/fbAQLP

exports[`Storyshots MyComponent example story 1`] = `
<div
  className="sc-EHOje eyUsub"
>
  <span
    className="MyComponent__StyledSpan-ewiGUt kgDNFE"
  >
    Hello
  </span>
</div>
`;
